<html>
<body>
<pre>
<h1>µVision Build Log</h1>
<h2>Tool Versions:</h2>
IDE-Version: µVision V5.15
Copyright (C) 2015 ARM Ltd and ARM Germany GmbH. All rights reserved.
License Information: reza kadkhoda, intellico, LIC=32BQD-8ULK4-U45S7-EH8ZD-ITF53-EX3MJ
 
Tool Versions:
Toolchain:       MDK-ARM Standard  Version: 5.15.0
Toolchain Path:  E:\keil_v5\ARM\ARMCC\Bin
C Compiler:      Armcc.exe V5.05 update 2 (build 169)
Assembler:       Armasm.exe V5.05 update 2 (build 169)
Linker/Locator:  ArmLink.exe V5.05 update 2 (build 169)
Library Manager: ArmAr.exe V5.05 update 2 (build 169)
Hex Converter:   FromElf.exe V5.05 update 2 (build 169)
CPU DLL:         SARMCM3.DLL V5.15.0
Dialog DLL:      DARMCM1.DLL V1.12.0.0
Target DLL:      STLink\ST-LINKIII-KEIL_SWO.dll V2.0.15.0_KEIL
Dialog DLL:      TARMCM1.DLL V1.9.0.0
 
<h2>Project:</h2>
D:\arm\remote_tester_air_condition_7_5_2023\MDK-ARM\REMOTE_TESTER_PRO_2_4_2023.uvprojx
Project File Date:  06/04/2023

<h2>Output:</h2>
*** Using Compiler 'V5.05 update 2 (build 169)', folder: 'E:\keil_v5\ARM\ARMCC\Bin'
Build target 'REMOTE_TESTER_PRO_2_4_2023'
compiling main.c...
linking...
Program Size: Code=9804 RO-data=5552 RW-data=104 ZI-data=3048  
FromELF: creating hex file...
"REMOTE_TESTER_PRO_2_4_2023\REMOTE_TESTER_PRO_2_4_2023.axf" - 0 Error(s), 0 Warning(s).

<h2>Software Packages used:</h2>

Package Vendor: ARM
                http://www.keil.com/pack/ARM.CMSIS.5.3.0.pack
                ARM::CMSIS:CORE:5.1.1
                CMSIS (Cortex Microcontroller Software Interface Standard)
   * Component: CORE Version: 5.1.1

<h2>Collection of Component include folders:</h2>
  D:\arm\remote_tester_air_condition_7_5_2023\MDK-ARM\RTE
  E:\keil_v5\ARM\PACK\ARM\CMSIS\5.3.0\CMSIS\Include
  E:\keil_v5\ARM\PACK\Keil\STM32F0xx_DFP\2.0.0\Drivers\CMSIS\Device\ST\STM32F0xx\Include

<h2>Collection of Component Files used:</h2>

   * Component: ARM::CMSIS:CORE:5.1.1
</pre>
</body>
</html>
